Release 14.7 - xst P.20131013 (lin64)
Copyright (c) 1995-2013 Xilinx, Inc.  All rights reserved.
--> 
Parameter TMPDIR set to xst/projnav.tmp


Total REAL time to Xst completion: 0.00 secs
Total CPU time to Xst completion: 0.05 secs
 
--> 
Parameter xsthdpdir set to xst


Total REAL time to Xst completion: 0.00 secs
Total CPU time to Xst completion: 0.05 secs
 
--> 
Reading design: En_Cod_Stuffing.prj

TABLE OF CONTENTS
  1) Synthesis Options Summary
  2) HDL Parsing
  3) HDL Elaboration
  4) HDL Synthesis
       4.1) HDL Synthesis Report
  5) Advanced HDL Synthesis
       5.1) Advanced HDL Synthesis Report
  6) Low Level Synthesis
  7) Partition Report
  8) Design Summary
       8.1) Primitive and Black Box Usage
       8.2) Device utilization summary
       8.3) Partition Resource Summary
       8.4) Timing Report
            8.4.1) Clock Information
            8.4.2) Asynchronous Control Signals Information
            8.4.3) Timing Summary
            8.4.4) Timing Details
            8.4.5) Cross Clock Domains Report


=========================================================================
*                      Synthesis Options Summary                        *
=========================================================================
---- Source Parameters
Input File Name                    : "En_Cod_Stuffing.prj"
Ignore Synthesis Constraint File   : NO

---- Target Parameters
Output File Name                   : "En_Cod_Stuffing"
Output Format                      : NGC
Target Device                      : xc7a100t-2-fgg484

---- Source Options
Top Module Name                    : En_Cod_Stuffing
Automatic FSM Extraction           : YES
FSM Encoding Algorithm             : Auto
Safe Implementation                : No
FSM Style                          : LUT
RAM Extraction                     : Yes
RAM Style                          : Auto
ROM Extraction                     : Yes
Shift Register Extraction          : YES
ROM Style                          : Auto
Resource Sharing                   : YES
Asynchronous To Synchronous        : NO
Shift Register Minimum Size        : 2
Use DSP Block                      : Auto
Automatic Register Balancing       : No

---- Target Options
LUT Combining                      : Auto
Reduce Control Sets                : Auto
Add IO Buffers                     : YES
Global Maximum Fanout              : 100000
Add Generic Clock Buffer(BUFG)     : 32
Register Duplication               : YES
Optimize Instantiated Primitives   : NO
Use Clock Enable                   : Auto
Use Synchronous Set                : Auto
Use Synchronous Reset              : Auto
Pack IO Registers into IOBs        : Auto
Equivalent register Removal        : YES

---- General Options
Optimization Goal                  : Speed
Optimization Effort                : 1
Power Reduction                    : NO
Keep Hierarchy                     : No
Netlist Hierarchy                  : As_Optimized
RTL Output                         : Yes
Global Optimization                : AllClockNets
Read Cores                         : YES
Write Timing Constraints           : NO
Cross Clock Analysis               : NO
Hierarchy Separator                : /
Bus Delimiter                      : <>
Case Specifier                     : Maintain
Slice Utilization Ratio            : 100
BRAM Utilization Ratio             : 100
DSP48 Utilization Ratio            : 100
Auto BRAM Packing                  : NO
Slice Utilization Ratio Delta      : 5

=========================================================================


=========================================================================
*                          HDL Parsing                                  *
=========================================================================
Parsing VHDL file "/home/fede/Documents/Jaquenod/Jaquenod/Modulo4/Guia4/ISE/Actividad 4_2/Codificador/Sources/Cod_Stuffing.vhd" into library work
Parsing entity <En_Cod_Stuffing>.
Parsing architecture <Arq_Cod_Stuffing> of entity <en_cod_stuffing>.

=========================================================================
*                            HDL Elaboration                            *
=========================================================================

Elaborating entity <En_Cod_Stuffing> (architecture <Arq_Cod_Stuffing>) from library <work>.

=========================================================================
*                           HDL Synthesis                               *
=========================================================================

Synthesizing Unit <En_Cod_Stuffing>.
    Related source file is "/home/fede/Documents/Jaquenod/Jaquenod/Modulo4/Guia4/ISE/Actividad 4_2/Codificador/Sources/Cod_Stuffing.vhd".
    Found 1-bit register for signal <EnaTx>.
    Found 4-bit register for signal <Count_Ones>.
    Found 1-bit register for signal <DataOut>.
    Found 4-bit register for signal <index>.
    Found 2-bit register for signal <State>.
    Found finite state machine <FSM_0> for signal <State>.
    -----------------------------------------------------------------------
    | States             | 2                                              |
    | Transitions        | 6                                              |
    | Inputs             | 3                                              |
    | Outputs            | 1                                              |
    | Clock              | Reloj (rising_edge)                            |
    | Reset              | Reset (positive)                               |
    | Reset type         | synchronous                                    |
    | Reset State        | 00                                             |
    | Power Up State     | 00                                             |
    | Encoding           | auto                                           |
    | Implementation     | LUT                                            |
    -----------------------------------------------------------------------
    Found 4-bit adder for signal <Count_Ones[3]_GND_4_o_add_0_OUT> created at line 34.
    Found 4-bit adder for signal <index[3]_GND_4_o_add_8_OUT> created at line 58.
    Found 16x1-bit Read Only RAM for signal <index[3]_X_4_o_Mux_7_o>
    Summary:
	inferred   1 RAM(s).
	inferred   2 Adder/Subtractor(s).
	inferred  10 D-type flip-flop(s).
	inferred   9 Multiplexer(s).
	inferred   1 Finite State Machine(s).
Unit <En_Cod_Stuffing> synthesized.

=========================================================================
HDL Synthesis Report

Macro Statistics
# RAMs                                                 : 1
 16x1-bit single-port Read Only RAM                    : 1
# Adders/Subtractors                                   : 2
 4-bit adder                                           : 2
# Registers                                            : 4
 1-bit register                                        : 2
 4-bit register                                        : 2
# Multiplexers                                         : 9
 1-bit 2-to-1 multiplexer                              : 5
 4-bit 2-to-1 multiplexer                              : 4
# FSMs                                                 : 1

=========================================================================

=========================================================================
*                       Advanced HDL Synthesis                          *
=========================================================================


Synthesizing (advanced) Unit <En_Cod_Stuffing>.
The following registers are absorbed into counter <index>: 1 register on signal <index>.
INFO:Xst:3231 - The small RAM <Mram_index[3]_X_4_o_Mux_7_o> will be implemented on LUTs in order to maximize performance and save block RAM resources. If you want to force its implementation on block, use option/constraint ram_style.
    -----------------------------------------------------------------------
    | ram_type           | Distributed                         |          |
    -----------------------------------------------------------------------
    | Port A                                                              |
    |     aspect ratio   | 16-word x 1-bit                     |          |
    |     weA            | connected to signal <GND>           | high     |
    |     addrA          | connected to signal <index>         |          |
    |     diA            | connected to signal <GND>           |          |
    |     doA            | connected to internal node          |          |
    -----------------------------------------------------------------------
Unit <En_Cod_Stuffing> synthesized (advanced).

=========================================================================
Advanced HDL Synthesis Report

Macro Statistics
# RAMs                                                 : 1
 16x1-bit single-port distributed Read Only RAM        : 1
# Adders/Subtractors                                   : 1
 4-bit adder                                           : 1
# Counters                                             : 1
 4-bit up counter                                      : 1
# Registers                                            : 6
 Flip-Flops                                            : 6
# Multiplexers                                         : 7
 1-bit 2-to-1 multiplexer                              : 4
 4-bit 2-to-1 multiplexer                              : 3
# FSMs                                                 : 1

=========================================================================

=========================================================================
*                         Low Level Synthesis                           *
=========================================================================
Analyzing FSM <MFsm> for best encoding.
Optimizing FSM <FSM_0> on signal <State[1:1]> with sequential encoding.
-------------------
 State | Encoding
-------------------
 00    | 0
 01    | 1
-------------------

Optimizing unit <En_Cod_Stuffing> ...
WARNING:Xst:1710 - FF/Latch <Count_Ones_3> (without init value) has a constant value of 0 in block <En_Cod_Stuffing>. This FF/Latch will be trimmed during the optimization process.

Mapping all equations...
Building and optimizing final netlist ...
Found area constraint ratio of 100 (+ 5) on block En_Cod_Stuffing, actual ratio is 0.

Final Macro Processing ...

=========================================================================
Final Register Report

Macro Statistics
# Registers                                            : 10
 Flip-Flops                                            : 10

=========================================================================

=========================================================================
*                           Partition Report                            *
=========================================================================

Partition Implementation Status
-------------------------------

  No Partitions were found in this design.

-------------------------------

=========================================================================
*                            Design Summary                             *
=========================================================================

Top Level Output File Name         : En_Cod_Stuffing.ngc

Primitive and Black Box Usage:
------------------------------
# BELS                             : 16
#      INV                         : 2
#      LUT2                        : 1
#      LUT3                        : 2
#      LUT4                        : 1
#      LUT5                        : 7
#      LUT6                        : 2
#      MUXF7                       : 1
# FlipFlops/Latches                : 10
#      FDE                         : 5
#      FDR                         : 2
#      FDRE                        : 3
# Clock Buffers                    : 1
#      BUFGP                       : 1
# IO Buffers                       : 5
#      IBUF                        : 3
#      OBUF                        : 2

Device utilization summary:
---------------------------

Selected Device : 7a100tfgg484-2 


Slice Logic Utilization: 
 Number of Slice Registers:              10  out of  126800     0%  
 Number of Slice LUTs:                   15  out of  63400     0%  
    Number used as Logic:                15  out of  63400     0%  

Slice Logic Distribution: 
 Number of LUT Flip Flop pairs used:     15
   Number with an unused Flip Flop:       5  out of     15    33%  
   Number with an unused LUT:             0  out of     15     0%  
   Number of fully used LUT-FF pairs:    10  out of     15    66%  
   Number of unique control sets:         4

IO Utilization: 
 Number of IOs:                           6
 Number of bonded IOBs:                   6  out of    285     2%  

Specific Feature Utilization:
 Number of BUFG/BUFGCTRLs:                1  out of     32     3%  

---------------------------
Partition Resource Summary:
---------------------------

  No Partitions were found in this design.

---------------------------


=========================================================================
Timing Report

NOTE: THESE TIMING NUMBERS ARE ONLY A SYNTHESIS ESTIMATE.
      FOR ACCURATE TIMING INFORMATION PLEASE REFER TO THE TRACE REPORT
      GENERATED AFTER PLACE-and-ROUTE.

Clock Information:
------------------
-----------------------------------+------------------------+-------+
Clock Signal                       | Clock buffer(FF name)  | Load  |
-----------------------------------+------------------------+-------+
Reloj                              | BUFGP                  | 10    |
-----------------------------------+------------------------+-------+

Asynchronous Control Signals Information:
----------------------------------------
No asynchronous control signals found in this design

Timing Summary:
---------------
Speed Grade: -2

   Minimum period: 1.640ns (Maximum Frequency: 609.700MHz)
   Minimum input arrival time before clock: 1.397ns
   Maximum output required time after clock: 0.742ns
   Maximum combinational path delay: No path found

Timing Details:
---------------
All values displayed in nanoseconds (ns)

=========================================================================
Timing constraint: Default period analysis for Clock 'Reloj'
  Clock period: 1.640ns (frequency: 609.700MHz)
  Total number of paths / destination ports: 52 / 17
-------------------------------------------------------------------------
Delay:               1.640ns (Levels of Logic = 2)
  Source:            index_0 (FF)
  Destination:       EnaTx (FF)
  Source Clock:      Reloj rising
  Destination Clock: Reloj rising

  Data Path: index_0 to EnaTx
                                Gate     Net
    Cell:in->out      fanout   Delay   Delay  Logical Name (Net Name)
    ----------------------------------------  ------------
     FDE:C->Q              7   0.398   0.814  index_0 (index_0)
     LUT5:I0->O            1   0.105   0.000  EnaTx_rstpot_G (N6)
     MUXF7:I1->O           1   0.308   0.000  EnaTx_rstpot (EnaTx_rstpot)
     FDR:D                     0.015          EnaTx
    ----------------------------------------
    Total                      1.640ns (0.826ns logic, 0.814ns route)
                                       (50.4% logic, 49.6% route)

=========================================================================
Timing constraint: Default OFFSET IN BEFORE for Clock 'Reloj'
  Total number of paths / destination ports: 25 / 16
-------------------------------------------------------------------------
Offset:              1.397ns (Levels of Logic = 3)
  Source:            SndSync (PAD)
  Destination:       DataOut (FF)
  Destination Clock: Reloj rising

  Data Path: SndSync to DataOut
                                Gate     Net
    Cell:in->out      fanout   Delay   Delay  Logical Name (Net Name)
    ----------------------------------------  ------------
     IBUF:I->O             7   0.001   0.814  SndSync_IBUF (SndSync_IBUF)
     LUT5:I0->O            1   0.105   0.357  Mmux_State[1]_DataOut_Mux_12_o1_SW0 (N3)
     LUT6:I5->O            1   0.105   0.000  Mmux_State[1]_DataOut_Mux_12_o1 (State[1]_DataOut_Mux_12_o)
     FDE:D                     0.015          DataOut
    ----------------------------------------
    Total                      1.397ns (0.226ns logic, 1.171ns route)
                                       (16.2% logic, 83.8% route)

=========================================================================
Timing constraint: Default OFFSET OUT AFTER for Clock 'Reloj'
  Total number of paths / destination ports: 2 / 2
-------------------------------------------------------------------------
Offset:              0.742ns (Levels of Logic = 1)
  Source:            EnaTx (FF)
  Destination:       EnaTx (PAD)
  Source Clock:      Reloj rising

  Data Path: EnaTx to EnaTx
                                Gate     Net
    Cell:in->out      fanout   Delay   Delay  Logical Name (Net Name)
    ----------------------------------------  ------------
     FDR:C->Q              2   0.398   0.344  EnaTx (EnaTx_OBUF)
     OBUF:I->O                 0.000          EnaTx_OBUF (EnaTx)
    ----------------------------------------
    Total                      0.742ns (0.398ns logic, 0.344ns route)
                                       (53.6% logic, 46.4% route)

=========================================================================

Cross Clock Domains Report:
--------------------------

Clock to Setup on destination clock Reloj
---------------+---------+---------+---------+---------+
               | Src:Rise| Src:Fall| Src:Rise| Src:Fall|
Source Clock   |Dest:Rise|Dest:Rise|Dest:Fall|Dest:Fall|
---------------+---------+---------+---------+---------+
Reloj          |    1.640|         |         |         |
---------------+---------+---------+---------+---------+

=========================================================================


Total REAL time to Xst completion: 8.00 secs
Total CPU time to Xst completion: 8.18 secs
 
--> 


Total memory usage is 508484 kilobytes

Number of errors   :    0 (   0 filtered)
Number of warnings :    1 (   0 filtered)
Number of infos    :    1 (   0 filtered)

