V3 6
FL /home/fede/Documents/Jaquenod/GIT/Modulo6/Guia/ISE/Actividad_6_2/XAPP224/Sources/Head.vhd 2017/06/29.13:42:20 P.20131013
EN work/En_Head 1498754561 \
      FL /home/fede/Documents/Jaquenod/GIT/Modulo6/Guia/ISE/Actividad_6_2/XAPP224/Sources/Head.vhd \
      PB ieee/std_logic_1164 1381692176 LB UNISIM PH unisim/VCOMPONENTS 1381692182
AR work/En_Head/Arq_Head 1498754562 \
      FL /home/fede/Documents/Jaquenod/GIT/Modulo6/Guia/ISE/Actividad_6_2/XAPP224/Sources/Head.vhd \
      EN work/En_Head 1498754561 CP DCM_SP CP SRL16
