Release 14.7 - xst P.20131013 (lin64)
Copyright (c) 1995-2013 Xilinx, Inc.  All rights reserved.
--> 
Parameter TMPDIR set to xst/projnav.tmp


Total REAL time to Xst completion: 0.00 secs
Total CPU time to Xst completion: 0.05 secs
 
--> 
Parameter xsthdpdir set to xst


Total REAL time to Xst completion: 0.00 secs
Total CPU time to Xst completion: 0.05 secs
 
--> 
Reading design: En_Head.prj

TABLE OF CONTENTS
  1) Synthesis Options Summary
  2) HDL Parsing
  3) HDL Elaboration
  4) HDL Synthesis
       4.1) HDL Synthesis Report
  5) Advanced HDL Synthesis
       5.1) Advanced HDL Synthesis Report
  6) Low Level Synthesis
  7) Partition Report
  8) Design Summary
       8.1) Primitive and Black Box Usage
       8.2) Device utilization summary
       8.3) Partition Resource Summary
       8.4) Timing Report
            8.4.1) Clock Information
            8.4.2) Asynchronous Control Signals Information
            8.4.3) Timing Summary
            8.4.4) Timing Details
            8.4.5) Cross Clock Domains Report


=========================================================================
*                      Synthesis Options Summary                        *
=========================================================================
---- Source Parameters
Input File Name                    : "En_Head.prj"
Ignore Synthesis Constraint File   : NO

---- Target Parameters
Output File Name                   : "En_Head"
Output Format                      : NGC
Target Device                      : xa7a100t-2I-fgg484

---- Source Options
Top Module Name                    : En_Head
Automatic FSM Extraction           : YES
FSM Encoding Algorithm             : Auto
Safe Implementation                : No
FSM Style                          : LUT
RAM Extraction                     : Yes
RAM Style                          : Auto
ROM Extraction                     : Yes
Shift Register Extraction          : YES
ROM Style                          : Auto
Resource Sharing                   : YES
Asynchronous To Synchronous        : NO
Shift Register Minimum Size        : 2
Use DSP Block                      : Auto
Automatic Register Balancing       : No

---- Target Options
LUT Combining                      : Auto
Reduce Control Sets                : Auto
Add IO Buffers                     : YES
Global Maximum Fanout              : 100000
Add Generic Clock Buffer(BUFG)     : 32
Register Duplication               : YES
Optimize Instantiated Primitives   : NO
Use Clock Enable                   : Auto
Use Synchronous Set                : Auto
Use Synchronous Reset              : Auto
Pack IO Registers into IOBs        : Auto
Equivalent register Removal        : YES

---- General Options
Optimization Goal                  : Speed
Optimization Effort                : 1
Power Reduction                    : NO
Keep Hierarchy                     : No
Netlist Hierarchy                  : As_Optimized
RTL Output                         : Yes
Global Optimization                : AllClockNets
Read Cores                         : YES
Write Timing Constraints           : NO
Cross Clock Analysis               : NO
Hierarchy Separator                : /
Bus Delimiter                      : <>
Case Specifier                     : Maintain
Slice Utilization Ratio            : 100
BRAM Utilization Ratio             : 100
DSP48 Utilization Ratio            : 100
Auto BRAM Packing                  : NO
Slice Utilization Ratio Delta      : 5

=========================================================================


=========================================================================
*                          HDL Parsing                                  *
=========================================================================
Parsing VHDL file "/media/storage/Documents/GIT/Jaquenod/Modulo7/Guia/ISE/Actividad_7_1_2/BCD_CSA/Sources/Head.vhd" into library work
Parsing entity <En_Head>.
Parsing architecture <Arq_Head> of entity <en_head>.

=========================================================================
*                            HDL Elaboration                            *
=========================================================================

Elaborating entity <En_Head> (architecture <Arq_Head>) from library <work>.

=========================================================================
*                           HDL Synthesis                               *
=========================================================================

Synthesizing Unit <En_Head>.
    Related source file is "/media/storage/Documents/GIT/Jaquenod/Modulo7/Guia/ISE/Actividad_7_1_2/BCD_CSA/Sources/Head.vhd".
    Found 1-bit register for signal <C_B>.
    Found 5-bit adder for signal <GND_5_o_GND_5_o_add_6_OUT> created at line 29.
    Found 5-bit subtractor for signal <GND_5_o_GND_5_o_sub_5_OUT<4:0>> created at line 30.
WARNING:Xst:737 - Found 1-bit latch for signal <Aux<3>>. Latches may be generated from incomplete case or if statements. We do not recommend the use of latches in FPGA/CPLD designs, as they may lead to timing problems.
WARNING:Xst:737 - Found 1-bit latch for signal <Aux<2>>. Latches may be generated from incomplete case or if statements. We do not recommend the use of latches in FPGA/CPLD designs, as they may lead to timing problems.
WARNING:Xst:737 - Found 1-bit latch for signal <Aux<1>>. Latches may be generated from incomplete case or if statements. We do not recommend the use of latches in FPGA/CPLD designs, as they may lead to timing problems.
WARNING:Xst:737 - Found 1-bit latch for signal <Aux<0>>. Latches may be generated from incomplete case or if statements. We do not recommend the use of latches in FPGA/CPLD designs, as they may lead to timing problems.
WARNING:Xst:737 - Found 1-bit latch for signal <Aux<4>>. Latches may be generated from incomplete case or if statements. We do not recommend the use of latches in FPGA/CPLD designs, as they may lead to timing problems.
    Summary:
	inferred   2 Adder/Subtractor(s).
	inferred   1 D-type flip-flop(s).
	inferred   5 Latch(s).
	inferred  36 Multiplexer(s).
Unit <En_Head> synthesized.

=========================================================================
HDL Synthesis Report

Macro Statistics
# Adders/Subtractors                                   : 2
 5-bit adder                                           : 1
 5-bit subtractor                                      : 1
# Registers                                            : 1
 1-bit register                                        : 1
# Latches                                              : 5
 1-bit latch                                           : 5
# Multiplexers                                         : 36
 1-bit 2-to-1 multiplexer                              : 36

=========================================================================

=========================================================================
*                       Advanced HDL Synthesis                          *
=========================================================================

WARNING:Xst - The specified part-type was not generated at build time. XST is loading the full part-type and will therefore consume more CPU and memory.
Loading device for application Rf_Device from file '7a100t.nph' in environment /opt/Xilinx/14.7/ISE_DS/ISE/.
Loading device for application Rf_Device from file '7a100t.nph' in environment /opt/Xilinx/14.7/ISE_DS/ISE/.

=========================================================================
Advanced HDL Synthesis Report

Macro Statistics
# Adders/Subtractors                                   : 2
 5-bit adder                                           : 1
 5-bit subtractor                                      : 1
# Registers                                            : 1
 Flip-Flops                                            : 1
# Multiplexers                                         : 36
 1-bit 2-to-1 multiplexer                              : 36

=========================================================================

=========================================================================
*                         Low Level Synthesis                           *
=========================================================================
WARNING:Xst:3001 - This design contains one or more registers or latches with an active
   asynchronous set and asynchronous reset. While this circuit can be built,
   it creates a sub-optimal implementation in terms of area, power and
   performance. For a more optimal implementation Xilinx highly recommends
   one of the following:

          1) Remove either the set or reset from all registers and latches if
             not needed for required functionality
          2) Modify the code in order to produce a synchronous set
             and/or reset (both is preferred)
          3) Use the -async_to_sync option to transform the asynchronous
             set/reset to synchronous operation
             (timing simulation highly recommended when using this option)

  Please refer to http://www.xilinx.com search string "Automotive Artix7 asynchronous set/reset" for more details.

  List of register instances with asynchronous set and reset:
    Aux_4 in unit <En_Head>


Optimizing unit <En_Head> ...

Mapping all equations...
Building and optimizing final netlist ...
Found area constraint ratio of 100 (+ 5) on block En_Head, actual ratio is 0.

Final Macro Processing ...

=========================================================================
Final Register Report

Macro Statistics
# Registers                                            : 1
 Flip-Flops                                            : 1

=========================================================================

=========================================================================
*                           Partition Report                            *
=========================================================================

Partition Implementation Status
-------------------------------

  No Partitions were found in this design.

-------------------------------

=========================================================================
*                            Design Summary                             *
=========================================================================

Top Level Output File Name         : En_Head.ngc

Primitive and Black Box Usage:
------------------------------
# BELS                             : 17
#      LUT2                        : 3
#      LUT3                        : 5
#      LUT5                        : 4
#      LUT6                        : 5
# FlipFlops/Latches                : 6
#      FD                          : 1
#      LD                          : 1
#      LDC                         : 4
# Clock Buffers                    : 1
#      BUFGP                       : 1
# IO Buffers                       : 12
#      IBUF                        : 8
#      OBUF                        : 4

Device utilization summary:
---------------------------

Selected Device : xa7a100tfgg484-2i 


Slice Logic Utilization: 
 Number of Slice Registers:               2  out of  126800     0%  
 Number of Slice LUTs:                   17  out of  63400     0%  
    Number used as Logic:                17  out of  63400     0%  

Slice Logic Distribution: 
 Number of LUT Flip Flop pairs used:     18
   Number with an unused Flip Flop:      16  out of     18    88%  
   Number with an unused LUT:             1  out of     18     5%  
   Number of fully used LUT-FF pairs:     1  out of     18     5%  
   Number of unique control sets:         3

IO Utilization: 
 Number of IOs:                          13
 Number of bonded IOBs:                  13  out of    285     4%  
    IOB Flip Flops/Latches:               4

Specific Feature Utilization:
 Number of BUFG/BUFGCTRLs:                1  out of     32     3%  

---------------------------
Partition Resource Summary:
---------------------------

  No Partitions were found in this design.

---------------------------


=========================================================================
Timing Report

NOTE: THESE TIMING NUMBERS ARE ONLY A SYNTHESIS ESTIMATE.
      FOR ACCURATE TIMING INFORMATION PLEASE REFER TO THE TRACE REPORT
      GENERATED AFTER PLACE-and-ROUTE.

Clock Information:
------------------
-----------------------------------------+------------------------+-------+
Clock Signal                             | Clock buffer(FF name)  | Load  |
-----------------------------------------+------------------------+-------+
CLK                                      | BUFGP                  | 1     |
Contar_U_D_OR_19_o(Contar_U_D_OR_19_o1:O)| NONE(*)(Aux_3)         | 4     |
Aux_4_G(Aux_4_G:O)                       | NONE(*)(Aux_4)         | 1     |
-----------------------------------------+------------------------+-------+
(*) These 2 clock signal(s) are generated by combinatorial logic,
and XST is not able to identify which are the primary clock signals.
Please use the CLOCK_SIGNAL constraint to specify the clock signal(s) generated by combinatorial logic.
INFO:Xst:2169 - HDL ADVISOR - Some clock signals were not automatically buffered by XST with BUFG/BUFR resources. Please use the buffer_type constraint in order to insert these buffers to the clock signals to help prevent skew problems.

Asynchronous Control Signals Information:
----------------------------------------
No asynchronous control signals found in this design

Timing Summary:
---------------
Speed Grade: -2

   Minimum period: No path found
   Minimum input arrival time before clock: 1.974ns
   Maximum output required time after clock: 0.811ns
   Maximum combinational path delay: No path found

Timing Details:
---------------
All values displayed in nanoseconds (ns)

=========================================================================
Timing constraint: Default OFFSET IN BEFORE for Clock 'Contar_U_D_OR_19_o'
  Total number of paths / destination ports: 37 / 8
-------------------------------------------------------------------------
Offset:              1.726ns (Levels of Logic = 3)
  Source:            DataIn<0> (PAD)
  Destination:       Aux_1 (LATCH)
  Destination Clock: Contar_U_D_OR_19_o falling

  Data Path: DataIn<0> to Aux_1
                                Gate     Net
    Cell:in->out      fanout   Delay   Delay  Logical Name (Net Name)
    ----------------------------------------  ------------
     IBUF:I->O             9   0.001   0.788  DataIn_0_IBUF (DataIn_0_IBUF)
     LUT5:I0->O            1   0.097   0.743  Mmux_Aux[4]_DataIn[1]_MUX_41_o1_SW3 (N14)
     LUT6:I1->O            1   0.097   0.000  Mmux_Aux[4]_DataIn[1]_MUX_41_o1 (Aux[4]_DataIn[1]_MUX_41_o)
     LDC:D                    -0.028          Aux_1
    ----------------------------------------
    Total                      1.726ns (0.195ns logic, 1.531ns route)
                                       (11.3% logic, 88.7% route)

=========================================================================
Timing constraint: Default OFFSET IN BEFORE for Clock 'Aux_4_G'
  Total number of paths / destination ports: 16 / 1
-------------------------------------------------------------------------
Offset:              1.974ns (Levels of Logic = 4)
  Source:            Unidades (PAD)
  Destination:       Aux_4 (LATCH)
  Destination Clock: Aux_4_G falling

  Data Path: Unidades to Aux_4
                                Gate     Net
    Cell:in->out      fanout   Delay   Delay  Logical Name (Net Name)
    ----------------------------------------  ------------
     IBUF:I->O             7   0.001   0.473  Unidades_IBUF (Unidades_IBUF)
     LUT2:I0->O            3   0.097   0.765  U_D_U_D_OR_14_o1 (U_D_U_D_OR_14_o)
     LUT6:I0->O            2   0.097   0.444  Zero_PWR_5_o_AND_14_o (Zero_PWR_5_o_AND_14_o)
     LUT3:I1->O            1   0.097   0.000  Aux_4_D (Aux_4_D)
     LD:D                     -0.028          Aux_4
    ----------------------------------------
    Total                      1.974ns (0.292ns logic, 1.682ns route)
                                       (14.8% logic, 85.2% route)

=========================================================================
Timing constraint: Default OFFSET OUT AFTER for Clock 'Contar_U_D_OR_19_o'
  Total number of paths / destination ports: 4 / 4
-------------------------------------------------------------------------
Offset:              0.811ns (Levels of Logic = 1)
  Source:            Aux_3 (LATCH)
  Destination:       DataOut<3> (PAD)
  Source Clock:      Contar_U_D_OR_19_o falling

  Data Path: Aux_3 to DataOut<3>
                                Gate     Net
    Cell:in->out      fanout   Delay   Delay  Logical Name (Net Name)
    ----------------------------------------  ------------
     LDC:G->Q              1   0.472   0.339  Aux_3 (Aux_3)
     OBUF:I->O                 0.000          DataOut_3_OBUF (DataOut<3>)
    ----------------------------------------
    Total                      0.811ns (0.472ns logic, 0.339ns route)
                                       (58.2% logic, 41.8% route)

=========================================================================

Cross Clock Domains Report:
--------------------------

Clock to Setup on destination clock Aux_4_G
---------------+---------+---------+---------+---------+
               | Src:Rise| Src:Fall| Src:Rise| Src:Fall|
Source Clock   |Dest:Rise|Dest:Rise|Dest:Fall|Dest:Fall|
---------------+---------+---------+---------+---------+
CLK            |         |         |    2.250|         |
---------------+---------+---------+---------+---------+

Clock to Setup on destination clock CLK
---------------+---------+---------+---------+---------+
               | Src:Rise| Src:Fall| Src:Rise| Src:Fall|
Source Clock   |Dest:Rise|Dest:Rise|Dest:Fall|Dest:Fall|
---------------+---------+---------+---------+---------+
Aux_4_G        |         |    0.819|         |         |
---------------+---------+---------+---------+---------+

Clock to Setup on destination clock Contar_U_D_OR_19_o
---------------+---------+---------+---------+---------+
               | Src:Rise| Src:Fall| Src:Rise| Src:Fall|
Source Clock   |Dest:Rise|Dest:Rise|Dest:Fall|Dest:Fall|
---------------+---------+---------+---------+---------+
CLK            |         |         |    1.776|         |
---------------+---------+---------+---------+---------+

=========================================================================


Total REAL time to Xst completion: 31.00 secs
Total CPU time to Xst completion: 31.24 secs
 
--> 


Total memory usage is 856136 kilobytes

Number of errors   :    0 (   0 filtered)
Number of warnings :    7 (   0 filtered)
Number of infos    :    1 (   0 filtered)

