Release 14.7 - xst P.20131013 (lin64)
Copyright (c) 1995-2013 Xilinx, Inc.  All rights reserved.
--> 
Parameter TMPDIR set to xst/projnav.tmp


Total REAL time to Xst completion: 0.00 secs
Total CPU time to Xst completion: 0.10 secs
 
--> 
Parameter xsthdpdir set to xst


Total REAL time to Xst completion: 0.00 secs
Total CPU time to Xst completion: 0.10 secs
 
--> 
Reading design: En_Rate_Multiplier.prj

TABLE OF CONTENTS
  1) Synthesis Options Summary
  2) HDL Parsing
  3) HDL Elaboration
  4) HDL Synthesis
       4.1) HDL Synthesis Report
  5) Advanced HDL Synthesis
       5.1) Advanced HDL Synthesis Report
  6) Low Level Synthesis
  7) Partition Report
  8) Design Summary
       8.1) Primitive and Black Box Usage
       8.2) Device utilization summary
       8.3) Partition Resource Summary
       8.4) Timing Report
            8.4.1) Clock Information
            8.4.2) Asynchronous Control Signals Information
            8.4.3) Timing Summary
            8.4.4) Timing Details
            8.4.5) Cross Clock Domains Report


=========================================================================
*                      Synthesis Options Summary                        *
=========================================================================
---- Source Parameters
Input File Name                    : "En_Rate_Multiplier.prj"
Ignore Synthesis Constraint File   : NO

---- Target Parameters
Output File Name                   : "En_Rate_Multiplier"
Output Format                      : NGC
Target Device                      : xc7a100t-2-fgg484

---- Source Options
Top Module Name                    : En_Rate_Multiplier
Automatic FSM Extraction           : YES
FSM Encoding Algorithm             : Auto
Safe Implementation                : No
FSM Style                          : LUT
RAM Extraction                     : Yes
RAM Style                          : Auto
ROM Extraction                     : Yes
Shift Register Extraction          : YES
ROM Style                          : Auto
Resource Sharing                   : YES
Asynchronous To Synchronous        : NO
Shift Register Minimum Size        : 2
Use DSP Block                      : Auto
Automatic Register Balancing       : No

---- Target Options
LUT Combining                      : Auto
Reduce Control Sets                : Auto
Add IO Buffers                     : YES
Global Maximum Fanout              : 100000
Add Generic Clock Buffer(BUFG)     : 32
Register Duplication               : YES
Optimize Instantiated Primitives   : NO
Use Clock Enable                   : Auto
Use Synchronous Set                : Auto
Use Synchronous Reset              : Auto
Pack IO Registers into IOBs        : Auto
Equivalent register Removal        : YES

---- General Options
Optimization Goal                  : Speed
Optimization Effort                : 1
Power Reduction                    : NO
Keep Hierarchy                     : No
Netlist Hierarchy                  : As_Optimized
RTL Output                         : Yes
Global Optimization                : AllClockNets
Read Cores                         : YES
Write Timing Constraints           : NO
Cross Clock Analysis               : NO
Hierarchy Separator                : /
Bus Delimiter                      : <>
Case Specifier                     : Maintain
Slice Utilization Ratio            : 100
BRAM Utilization Ratio             : 100
DSP48 Utilization Ratio            : 100
Auto BRAM Packing                  : NO
Slice Utilization Ratio Delta      : 5

=========================================================================


=========================================================================
*                          HDL Parsing                                  *
=========================================================================
Parsing VHDL file "/home/fede/Documents/Jaquenod/Jaquenod/Modulo3/Guia3/ISE/Rate_Multiplier/Sources/LFSR.vhd" into library work
Parsing entity <En_LFSR>.
Parsing architecture <Arq_LFSR> of entity <en_lfsr>.
Parsing VHDL file "/home/fede/Documents/Jaquenod/Jaquenod/Modulo3/Guia3/ISE/Rate_Multiplier/Sources/Rate_Multiplier.vhd" into library work
Parsing entity <En_Rate_Multiplier>.
Parsing architecture <Arq_Rate_Multiplier> of entity <en_rate_multiplier>.

=========================================================================
*                            HDL Elaboration                            *
=========================================================================

Elaborating entity <En_Rate_Multiplier> (architecture <Arq_Rate_Multiplier>) with generics from library <work>.

Elaborating entity <En_LFSR> (architecture <Arq_LFSR>) with generics from library <work>.

=========================================================================
*                           HDL Synthesis                               *
=========================================================================

Synthesizing Unit <En_Rate_Multiplier>.
    Related source file is "/home/fede/Documents/Jaquenod/Jaquenod/Modulo3/Guia3/ISE/Rate_Multiplier/Sources/Rate_Multiplier.vhd".
        M = 5
        N = 5
    Found 5-bit comparator greater for signal <Q_LFSR[4]_GND_4_o_LessThan_1_o> created at line 27
    Summary:
	inferred   1 Comparator(s).
	inferred   1 Multiplexer(s).
Unit <En_Rate_Multiplier> synthesized.

Synthesizing Unit <En_LFSR>.
    Related source file is "/home/fede/Documents/Jaquenod/Jaquenod/Modulo3/Guia3/ISE/Rate_Multiplier/Sources/LFSR.vhd".
        N = 5
WARNING:Xst:647 - Input <FB<30:3>> is never used. This port will be preserved and left unconnected if it belongs to a top-level block or it belongs to a sub-block and the hierarchy of this sub-block is preserved.
    Found 5-bit register for signal <sQ>.
    Summary:
	inferred   5 D-type flip-flop(s).
Unit <En_LFSR> synthesized.

=========================================================================
HDL Synthesis Report

Macro Statistics
# Registers                                            : 1
 5-bit register                                        : 1
# Comparators                                          : 1
 5-bit comparator greater                              : 1
# Multiplexers                                         : 1
 1-bit 2-to-1 multiplexer                              : 1
# Xors                                                 : 2
 1-bit xor2                                            : 2

=========================================================================

=========================================================================
*                       Advanced HDL Synthesis                          *
=========================================================================


=========================================================================
Advanced HDL Synthesis Report

Macro Statistics
# Registers                                            : 5
 Flip-Flops                                            : 5
# Comparators                                          : 1
 5-bit comparator greater                              : 1
# Xors                                                 : 2
 1-bit xor2                                            : 2

=========================================================================

=========================================================================
*                         Low Level Synthesis                           *
=========================================================================

Optimizing unit <En_Rate_Multiplier> ...

Mapping all equations...
Building and optimizing final netlist ...
Found area constraint ratio of 100 (+ 5) on block En_Rate_Multiplier, actual ratio is 0.

Final Macro Processing ...

=========================================================================
Final Register Report

Macro Statistics
# Registers                                            : 5
 Flip-Flops                                            : 5

=========================================================================

=========================================================================
*                           Partition Report                            *
=========================================================================

Partition Implementation Status
-------------------------------

  No Partitions were found in this design.

-------------------------------

=========================================================================
*                            Design Summary                             *
=========================================================================

Top Level Output File Name         : En_Rate_Multiplier.ngc

Primitive and Black Box Usage:
------------------------------
# BELS                             : 3
#      LUT2                        : 2
#      LUT6                        : 1
# FlipFlops/Latches                : 5
#      FDR                         : 5
# Clock Buffers                    : 1
#      BUFG                        : 1
# IO Buffers                       : 3
#      IBUF                        : 2
#      OBUF                        : 1

Device utilization summary:
---------------------------

Selected Device : 7a100tfgg484-2 


Slice Logic Utilization: 
 Number of Slice Registers:               5  out of  126800     0%  
 Number of Slice LUTs:                    3  out of  63400     0%  
    Number used as Logic:                 3  out of  63400     0%  

Slice Logic Distribution: 
 Number of LUT Flip Flop pairs used:      8
   Number with an unused Flip Flop:       3  out of      8    37%  
   Number with an unused LUT:             5  out of      8    62%  
   Number of fully used LUT-FF pairs:     0  out of      8     0%  
   Number of unique control sets:         1

IO Utilization: 
 Number of IOs:                           3
 Number of bonded IOBs:                   3  out of    285     1%  

Specific Feature Utilization:
 Number of BUFG/BUFGCTRLs:                1  out of     32     3%  

---------------------------
Partition Resource Summary:
---------------------------

  No Partitions were found in this design.

---------------------------


=========================================================================
Timing Report

NOTE: THESE TIMING NUMBERS ARE ONLY A SYNTHESIS ESTIMATE.
      FOR ACCURATE TIMING INFORMATION PLEASE REFER TO THE TRACE REPORT
      GENERATED AFTER PLACE-and-ROUTE.

Clock Information:
------------------
-----------------------------------+------------------------+-------+
Clock Signal                       | Clock buffer(FF name)  | Load  |
-----------------------------------+------------------------+-------+
CLK_IN                             | IBUF+BUFG              | 5     |
-----------------------------------+------------------------+-------+

Asynchronous Control Signals Information:
----------------------------------------
No asynchronous control signals found in this design

Timing Summary:
---------------
Speed Grade: -2

   Minimum period: 0.974ns (Maximum Frequency: 1026.431MHz)
   Minimum input arrival time before clock: 0.765ns
   Maximum output required time after clock: 1.640ns
   Maximum combinational path delay: 1.650ns

Timing Details:
---------------
All values displayed in nanoseconds (ns)

=========================================================================
Timing constraint: Default period analysis for Clock 'CLK_IN'
  Clock period: 0.974ns (frequency: 1026.431MHz)
  Total number of paths / destination ports: 6 / 5
-------------------------------------------------------------------------
Delay:               0.974ns (Levels of Logic = 1)
  Source:            LFSR_5/sQ_5 (FF)
  Destination:       LFSR_5/sQ_1 (FF)
  Source Clock:      CLK_IN rising
  Destination Clock: CLK_IN rising

  Data Path: LFSR_5/sQ_5 to LFSR_5/sQ_1
                                Gate     Net
    Cell:in->out      fanout   Delay   Delay  Logical Name (Net Name)
    ----------------------------------------  ------------
     FDR:C->Q              2   0.398   0.456  LFSR_5/sQ_5 (LFSR_5/sQ_5)
     LUT2:I0->O            1   0.105   0.000  LFSR_5/Mxor_Type_FB_sQ[5]_XOR_2_o_xo<0>1 (LFSR_5/Type_FB_sQ[5]_XOR_2_o)
     FDR:D                     0.015          LFSR_5/sQ_1
    ----------------------------------------
    Total                      0.974ns (0.518ns logic, 0.456ns route)
                                       (53.2% logic, 46.8% route)

=========================================================================
Timing constraint: Default OFFSET IN BEFORE for Clock 'CLK_IN'
  Total number of paths / destination ports: 5 / 5
-------------------------------------------------------------------------
Offset:              0.765ns (Levels of Logic = 1)
  Source:            Reset (PAD)
  Destination:       LFSR_5/sQ_5 (FF)
  Destination Clock: CLK_IN rising

  Data Path: Reset to LFSR_5/sQ_5
                                Gate     Net
    Cell:in->out      fanout   Delay   Delay  Logical Name (Net Name)
    ----------------------------------------  ------------
     IBUF:I->O             6   0.001   0.367  Reset_IBUF (Reset_IBUF)
     FDR:R                     0.397          LFSR_5/sQ_1
    ----------------------------------------
    Total                      0.765ns (0.398ns logic, 0.367ns route)
                                       (52.0% logic, 48.0% route)

=========================================================================
Timing constraint: Default OFFSET OUT AFTER for Clock 'CLK_IN'
  Total number of paths / destination ports: 5 / 1
-------------------------------------------------------------------------
Offset:              1.640ns (Levels of Logic = 2)
  Source:            LFSR_5/sQ_5 (FF)
  Destination:       CLK_OUT (PAD)
  Source Clock:      CLK_IN rising

  Data Path: LFSR_5/sQ_5 to CLK_OUT
                                Gate     Net
    Cell:in->out      fanout   Delay   Delay  Logical Name (Net Name)
    ----------------------------------------  ------------
     FDR:C->Q              2   0.398   0.798  LFSR_5/sQ_5 (LFSR_5/sQ_5)
     LUT6:I0->O            1   0.105   0.339  Mmux_CLK_OUT1 (CLK_OUT_OBUF)
     OBUF:I->O                 0.000          CLK_OUT_OBUF (CLK_OUT)
    ----------------------------------------
    Total                      1.640ns (0.503ns logic, 1.137ns route)
                                       (30.7% logic, 69.3% route)

=========================================================================
Timing constraint: Default path analysis
  Total number of paths / destination ports: 2 / 1
-------------------------------------------------------------------------
Delay:               1.650ns (Levels of Logic = 4)
  Source:            CLK_IN (PAD)
  Destination:       CLK_OUT (PAD)

  Data Path: CLK_IN to CLK_OUT
                                Gate     Net
    Cell:in->out      fanout   Delay   Delay  Logical Name (Net Name)
    ----------------------------------------  ------------
     IBUF:I->O             1   0.001   0.451  CLK_IN_IBUF (CLK_IN_IBUF)
     LUT2:I0->O            1   0.105   0.649  Mmux_CLK_OUT1_SW0 (N2)
     LUT6:I2->O            1   0.105   0.339  Mmux_CLK_OUT1 (CLK_OUT_OBUF)
     OBUF:I->O                 0.000          CLK_OUT_OBUF (CLK_OUT)
    ----------------------------------------
    Total                      1.650ns (0.211ns logic, 1.439ns route)
                                       (12.8% logic, 87.2% route)

=========================================================================

Cross Clock Domains Report:
--------------------------

Clock to Setup on destination clock CLK_IN
---------------+---------+---------+---------+---------+
               | Src:Rise| Src:Fall| Src:Rise| Src:Fall|
Source Clock   |Dest:Rise|Dest:Rise|Dest:Fall|Dest:Fall|
---------------+---------+---------+---------+---------+
CLK_IN         |    0.974|         |         |         |
---------------+---------+---------+---------+---------+

=========================================================================


Total REAL time to Xst completion: 10.00 secs
Total CPU time to Xst completion: 8.85 secs
 
--> 


Total memory usage is 510680 kilobytes

Number of errors   :    0 (   0 filtered)
Number of warnings :    1 (   0 filtered)
Number of infos    :    0 (   0 filtered)

