Release 14.7 - xst P.20131013 (lin64)
Copyright (c) 1995-2013 Xilinx, Inc.  All rights reserved.
--> 
Parameter TMPDIR set to xst/projnav.tmp


Total REAL time to Xst completion: 1.00 secs
Total CPU time to Xst completion: 0.26 secs
 
--> 
Parameter xsthdpdir set to xst


Total REAL time to Xst completion: 1.00 secs
Total CPU time to Xst completion: 0.26 secs
 
--> 
Reading design: En_Head.prj

TABLE OF CONTENTS
  1) Synthesis Options Summary
  2) HDL Parsing
  3) HDL Elaboration
  4) HDL Synthesis
       4.1) HDL Synthesis Report
  5) Advanced HDL Synthesis
       5.1) Advanced HDL Synthesis Report
  6) Low Level Synthesis
  7) Partition Report
  8) Design Summary
       8.1) Primitive and Black Box Usage
       8.2) Device utilization summary
       8.3) Partition Resource Summary
       8.4) Timing Report
            8.4.1) Clock Information
            8.4.2) Asynchronous Control Signals Information
            8.4.3) Timing Summary
            8.4.4) Timing Details
            8.4.5) Cross Clock Domains Report


=========================================================================
*                      Synthesis Options Summary                        *
=========================================================================
---- Source Parameters
Input File Name                    : "En_Head.prj"
Ignore Synthesis Constraint File   : NO

---- Target Parameters
Output File Name                   : "En_Head"
Output Format                      : NGC
Target Device                      : xa7a100t-2I-fgg484

---- Source Options
Top Module Name                    : En_Head
Automatic FSM Extraction           : YES
FSM Encoding Algorithm             : Auto
Safe Implementation                : No
FSM Style                          : LUT
RAM Extraction                     : Yes
RAM Style                          : Auto
ROM Extraction                     : Yes
Shift Register Extraction          : YES
ROM Style                          : Auto
Resource Sharing                   : YES
Asynchronous To Synchronous        : NO
Shift Register Minimum Size        : 2
Use DSP Block                      : Auto
Automatic Register Balancing       : No

---- Target Options
LUT Combining                      : Auto
Reduce Control Sets                : Auto
Add IO Buffers                     : YES
Global Maximum Fanout              : 100000
Add Generic Clock Buffer(BUFG)     : 32
Register Duplication               : YES
Optimize Instantiated Primitives   : NO
Use Clock Enable                   : Auto
Use Synchronous Set                : Auto
Use Synchronous Reset              : Auto
Pack IO Registers into IOBs        : Auto
Equivalent register Removal        : YES

---- General Options
Optimization Goal                  : Speed
Optimization Effort                : 1
Power Reduction                    : NO
Keep Hierarchy                     : No
Netlist Hierarchy                  : As_Optimized
RTL Output                         : Yes
Global Optimization                : AllClockNets
Read Cores                         : YES
Write Timing Constraints           : NO
Cross Clock Analysis               : NO
Hierarchy Separator                : /
Bus Delimiter                      : <>
Case Specifier                     : Maintain
Slice Utilization Ratio            : 100
BRAM Utilization Ratio             : 100
DSP48 Utilization Ratio            : 100
Auto BRAM Packing                  : NO
Slice Utilization Ratio Delta      : 5

---- Other Options
Cores Search Directories           : {"ipcore_dir"  }

=========================================================================


=========================================================================
*                          HDL Parsing                                  *
=========================================================================
Parsing VHDL file "/home/fede/GIT/Jaquenod/Trabajo_Final/System_8b10b/ISE/ipcore_dir/Inv_Ch.vhd" into library work
Parsing entity <Inv_Ch>.
Parsing architecture <Inv_Ch_a> of entity <inv_ch>.
Parsing VHDL file "/home/fede/GIT/Jaquenod/Trabajo_Final/System_8b10b/ISE/ipcore_dir/Inv_Dplus.vhd" into library work
Parsing entity <Inv_Dplus>.
Parsing architecture <Inv_Dplus_a> of entity <inv_dplus>.
Parsing VHDL file "/home/fede/GIT/Jaquenod/Trabajo_Final/System_8b10b/ISE/ipcore_dir/Inv_Kplus.vhd" into library work
Parsing entity <Inv_Kplus>.
Parsing architecture <Inv_Kplus_a> of entity <inv_kplus>.
Parsing VHDL file "/home/fede/GIT/Jaquenod/Trabajo_Final/System_8b10b/ISE/ipcore_dir/DCh.vhd" into library work
Parsing entity <DCh>.
Parsing architecture <DCh_a> of entity <dch>.
Parsing VHDL file "/home/fede/GIT/Jaquenod/Trabajo_Final/System_8b10b/ISE/ipcore_dir/Dplus.vhd" into library work
Parsing entity <Dplus>.
Parsing architecture <Dplus_a> of entity <dplus>.
Parsing VHDL file "/home/fede/GIT/Jaquenod/Trabajo_Final/System_8b10b/ISE/ipcore_dir/KCh.vhd" into library work
Parsing entity <KCh>.
Parsing architecture <KCh_a> of entity <kch>.
Parsing VHDL file "/home/fede/GIT/Jaquenod/Trabajo_Final/System_8b10b/ISE/ipcore_dir/Kplus.vhd" into library work
Parsing entity <Kplus>.
Parsing architecture <Kplus_a> of entity <kplus>.
Parsing VHDL file "/home/fede/GIT/Jaquenod/Trabajo_Final/System_8b10b/System_8b10b.srcs/sources_1/imports/Trabajo_Final/Dec_8b10b/Dec_8b10b.srcs/sources_1/new/Dec_8b10b.vhd" into library work
Parsing entity <En_Dec_8b10b>.
Parsing architecture <Arq_Dec_8b10b> of entity <en_dec_8b10b>.
Parsing VHDL file "/home/fede/GIT/Jaquenod/Trabajo_Final/System_8b10b/System_8b10b.srcs/sources_1/imports/Trabajo_Final/Cod_8b10b/Cod_8b10b.srcs/sources_1/new/Cod_8b10b.vhd" into library work
Parsing entity <En_Cod_8b10b>.
Parsing architecture <Arq_Cod_8b10b> of entity <en_cod_8b10b>.
Parsing VHDL file "/home/fede/GIT/Jaquenod/Trabajo_Final/System_8b10b/System_8b10b.srcs/sources_1/new/Head.vhd" into library work
Parsing entity <En_Head>.
Parsing architecture <Arq_Head> of entity <en_head>.

=========================================================================
*                            HDL Elaboration                            *
=========================================================================

Elaborating entity <En_Head> (architecture <Arq_Head>) from library <work>.

Elaborating entity <En_Cod_8b10b> (architecture <Arq_Cod_8b10b>) from library <work>.

Elaborating entity <DCh> (architecture <DCh_a>) from library <work>.

Elaborating entity <Dplus> (architecture <Dplus_a>) from library <work>.

Elaborating entity <KCh> (architecture <KCh_a>) from library <work>.

Elaborating entity <Kplus> (architecture <Kplus_a>) from library <work>.
WARNING:HDLCompiler:321 - "/home/fede/GIT/Jaquenod/Trabajo_Final/System_8b10b/System_8b10b.srcs/sources_1/imports/Trabajo_Final/Cod_8b10b/Cod_8b10b.srcs/sources_1/new/Cod_8b10b.vhd" Line 137: Comparison between arrays of unequal length always returns FALSE.
WARNING:HDLCompiler:321 - "/home/fede/GIT/Jaquenod/Trabajo_Final/System_8b10b/System_8b10b.srcs/sources_1/imports/Trabajo_Final/Cod_8b10b/Cod_8b10b.srcs/sources_1/new/Cod_8b10b.vhd" Line 138: Comparison between arrays of unequal length always returns FALSE.

Elaborating entity <En_Dec_8b10b> (architecture <Arq_Dec_8b10b>) from library <work>.

Elaborating entity <Inv_Ch> (architecture <Inv_Ch_a>) from library <work>.

Elaborating entity <Inv_Dplus> (architecture <Inv_Dplus_a>) from library <work>.

Elaborating entity <Inv_Kplus> (architecture <Inv_Kplus_a>) from library <work>.

=========================================================================
*                           HDL Synthesis                               *
=========================================================================

Synthesizing Unit <En_Head>.
    Related source file is "/home/fede/GIT/Jaquenod/Trabajo_Final/System_8b10b/System_8b10b.srcs/sources_1/new/Head.vhd".
    Summary:
	no macro.
Unit <En_Head> synthesized.

Synthesizing Unit <En_Cod_8b10b>.
    Related source file is "/home/fede/GIT/Jaquenod/Trabajo_Final/System_8b10b/System_8b10b.srcs/sources_1/imports/Trabajo_Final/Cod_8b10b/Cod_8b10b.srcs/sources_1/new/Cod_8b10b.vhd".
    Summary:
	inferred   3 Multiplexer(s).
Unit <En_Cod_8b10b> synthesized.

Synthesizing Unit <En_Dec_8b10b>.
    Related source file is "/home/fede/GIT/Jaquenod/Trabajo_Final/System_8b10b/System_8b10b.srcs/sources_1/imports/Trabajo_Final/Dec_8b10b/Dec_8b10b.srcs/sources_1/new/Dec_8b10b.vhd".
    Summary:
	inferred   3 Multiplexer(s).
Unit <En_Dec_8b10b> synthesized.

=========================================================================
HDL Synthesis Report

Macro Statistics
# Multiplexers                                         : 6
 10-bit 2-to-1 multiplexer                             : 1
 4-bit 2-to-1 multiplexer                              : 2
 6-bit 2-to-1 multiplexer                              : 1
 8-bit 2-to-1 multiplexer                              : 2
# Xors                                                 : 5
 4-bit xor2                                            : 3
 6-bit xor2                                            : 2

=========================================================================

=========================================================================
*                       Advanced HDL Synthesis                          *
=========================================================================

WARNING:Xst - The specified part-type was not generated at build time. XST is loading the full part-type and will therefore consume more CPU and memory.
Loading device for application Rf_Device from file '7a100t.nph' in environment /opt/Xilinx/14.7/ISE_DS/ISE/.
Reading core <ipcore_dir/DCh.ngc>.
Reading core <ipcore_dir/KCh.ngc>.
Reading core <ipcore_dir/Dplus.ngc>.
Reading core <ipcore_dir/Kplus.ngc>.
Reading core <ipcore_dir/Inv_Ch.ngc>.
Reading core <ipcore_dir/Inv_Dplus.ngc>.
Reading core <ipcore_dir/Inv_Kplus.ngc>.
Loading core <DCh> for timing and area information for instance <Ins_DCh>.
Loading core <KCh> for timing and area information for instance <Ins_KCh>.
Loading core <Dplus> for timing and area information for instance <Ins_Dplus>.
Loading core <Kplus> for timing and area information for instance <Ins_Kplus>.
Loading core <Inv_Ch> for timing and area information for instance <Ins_DCh>.
Loading core <Inv_Dplus> for timing and area information for instance <Ins_Dplus>.
Loading core <Inv_Kplus> for timing and area information for instance <Ins_Kplus>.
Loading device for application Rf_Device from file '7a100t.nph' in environment /opt/Xilinx/14.7/ISE_DS/ISE/.

=========================================================================
Advanced HDL Synthesis Report

Macro Statistics
# Multiplexers                                         : 6
 10-bit 2-to-1 multiplexer                             : 1
 4-bit 2-to-1 multiplexer                              : 2
 6-bit 2-to-1 multiplexer                              : 1
 8-bit 2-to-1 multiplexer                              : 2
# Xors                                                 : 5
 4-bit xor2                                            : 3
 6-bit xor2                                            : 2

=========================================================================

=========================================================================
*                         Low Level Synthesis                           *
=========================================================================

Optimizing unit <En_Head> ...

Optimizing unit <En_Cod_8b10b> ...

Optimizing unit <En_Dec_8b10b> ...

Mapping all equations...
Building and optimizing final netlist ...
Found area constraint ratio of 100 (+ 5) on block En_Head, actual ratio is 0.

Final Macro Processing ...

=========================================================================
Final Register Report

Found no macro
=========================================================================

=========================================================================
*                           Partition Report                            *
=========================================================================

Partition Implementation Status
-------------------------------

  No Partitions were found in this design.

-------------------------------

=========================================================================
*                            Design Summary                             *
=========================================================================

Top Level Output File Name         : En_Head.ngc

Primitive and Black Box Usage:
------------------------------
# BELS                             : 90
#      GND                         : 1
#      LUT2                        : 5
#      LUT3                        : 9
#      LUT4                        : 19
#      LUT5                        : 29
#      LUT6                        : 26
#      MUXF7                       : 1
# IO Buffers                       : 22
#      IBUF                        : 10
#      OBUF                        : 12

Device utilization summary:
---------------------------

Selected Device : xa7a100tfgg484-2i 


Slice Logic Utilization: 
 Number of Slice LUTs:                   88  out of  63400     0%  
    Number used as Logic:                88  out of  63400     0%  

Slice Logic Distribution: 
 Number of LUT Flip Flop pairs used:     88
   Number with an unused Flip Flop:      88  out of     88   100%  
   Number with an unused LUT:             0  out of     88     0%  
   Number of fully used LUT-FF pairs:     0  out of     88     0%  
   Number of unique control sets:         0

IO Utilization: 
 Number of IOs:                          22
 Number of bonded IOBs:                  22  out of    285     7%  

Specific Feature Utilization:

---------------------------
Partition Resource Summary:
---------------------------

  No Partitions were found in this design.

---------------------------


=========================================================================
Timing Report

NOTE: THESE TIMING NUMBERS ARE ONLY A SYNTHESIS ESTIMATE.
      FOR ACCURATE TIMING INFORMATION PLEASE REFER TO THE TRACE REPORT
      GENERATED AFTER PLACE-and-ROUTE.

Clock Information:
------------------
No clock signals found in this design

Asynchronous Control Signals Information:
----------------------------------------
No asynchronous control signals found in this design

Timing Summary:
---------------
Speed Grade: -2

   Minimum period: No path found
   Minimum input arrival time before clock: No path found
   Maximum output required time after clock: No path found
   Maximum combinational path delay: 8.516ns

Timing Details:
---------------
All values displayed in nanoseconds (ns)

=========================================================================
Timing constraint: Default path analysis
  Total number of paths / destination ports: 154140 / 11
-------------------------------------------------------------------------
Delay:               8.516ns (Levels of Logic = 16)
  Source:            Dato_In<1> (PAD)
  Destination:       Error_Dec (PAD)

  Data Path: Dato_In<1> to Error_Dec
                                Gate     Net
    Cell:in->out      fanout   Delay   Delay  Logical Name (Net Name)
    ----------------------------------------  ------------
     IBUF:I->O            13   0.001   0.811  Dato_In_1_IBUF (Dato_In_1_IBUF)
     begin scope: 'Ins_Cod/Ins_DCh:a<1>'
     LUT5:I0->O            1   0.097   0.571  U0/xst_options.dist_mem_inst/gen_rom.rom_inst/Mram_spo_int51 (spo<5>)
     end scope: 'Ins_Cod/Ins_DCh:spo<5>'
     LUT5:I2->O           13   0.097   0.821  Ins_Cod/Dato_Out<9>1 (Dato_Out_Cod<9>)
     begin scope: 'Ins_Dec/Ins_DCh:a<5>'
     LUT6:I0->O            3   0.097   0.351  U0/xst_options.dist_mem_inst/gen_rom.rom_inst/Mram_spo_int51 (spo<5>)
     end scope: 'Ins_Dec/Ins_DCh:spo<5>'
     MUXF7:S->O            8   0.335   0.394  Ins_Dec/nRD_Aux_Dual_D_AND_3_o2 (Ins_Dec/nRD_Aux_Dual_D_AND_3_o)
     LUT2:I1->O            4   0.097   0.633  Ins_Dec/Mxor_Plus_K_0_xo<0>1 (Ins_Dec/Plus_K<0>)
     begin scope: 'Ins_Dec/Ins_Kplus:a<0>'
     LUT4:I0->O           11   0.097   0.411  U0/xst_options.dist_mem_inst/gen_rom.rom_inst/Mram_spo_int21 (spo<2>)
     end scope: 'Ins_Dec/Ins_Kplus:spo<2>'
     LUT3:I2->O            1   0.097   0.743  Ins_Dec/GND_11_o_PWR_11_o_OR_91_o211 (Ins_Dec/GND_11_o_PWR_11_o_OR_91_o21)
     LUT6:I1->O            1   0.097   0.743  Ins_Dec/GND_11_o_PWR_11_o_OR_91_o18 (Ins_Dec/GND_11_o_PWR_11_o_OR_91_o22)
     LUT6:I1->O            2   0.097   0.621  Ins_Dec/GND_11_o_PWR_11_o_OR_91_o20 (Ins_Dec/GND_11_o_PWR_11_o_OR_91_o25)
     LUT6:I2->O            4   0.097   0.770  Ins_Dec/GND_11_o_PWR_11_o_OR_91_o22 (Ins_Dec/GND_11_o_PWR_11_o_OR_91_o)
     LUT6:I0->O            1   0.097   0.339  Ins_Dec/Error3 (Error_Dec_OBUF)
     OBUF:I->O                 0.000          Error_Dec_OBUF (Error_Dec)
    ----------------------------------------
    Total                      8.516ns (1.306ns logic, 7.210ns route)
                                       (15.3% logic, 84.7% route)

=========================================================================

Cross Clock Domains Report:
--------------------------

=========================================================================


Total REAL time to Xst completion: 241.00 secs
Total CPU time to Xst completion: 232.07 secs
 
--> 


Total memory usage is 861160 kilobytes

Number of errors   :    0 (   0 filtered)
Number of warnings :    3 (   0 filtered)
Number of infos    :    0 (   0 filtered)

