Release 14.7 - xst P.20131013 (lin)
Copyright (c) 1995-2013 Xilinx, Inc.  All rights reserved.
--> 
Parameter TMPDIR set to xst/projnav.tmp


Total REAL time to Xst completion: 1.00 secs
Total CPU time to Xst completion: 0.39 secs
 
--> 
Parameter xsthdpdir set to xst


Total REAL time to Xst completion: 1.00 secs
Total CPU time to Xst completion: 0.40 secs
 
--> 
Reading design: En_System.prj

TABLE OF CONTENTS
  1) Synthesis Options Summary
  2) HDL Parsing
  3) HDL Elaboration
  4) HDL Synthesis
       4.1) HDL Synthesis Report
  5) Advanced HDL Synthesis
       5.1) Advanced HDL Synthesis Report
  6) Low Level Synthesis
  7) Partition Report
  8) Design Summary
       8.1) Primitive and Black Box Usage
       8.2) Device utilization summary
       8.3) Partition Resource Summary
       8.4) Timing Report
            8.4.1) Clock Information
            8.4.2) Asynchronous Control Signals Information
            8.4.3) Timing Summary
            8.4.4) Timing Details
            8.4.5) Cross Clock Domains Report


=========================================================================
*                      Synthesis Options Summary                        *
=========================================================================
---- Source Parameters
Input File Name                    : "En_System.prj"
Ignore Synthesis Constraint File   : NO

---- Target Parameters
Output File Name                   : "En_System"
Output Format                      : NGC
Target Device                      : xc7a100t-3-csg324

---- Source Options
Top Module Name                    : En_System
Automatic FSM Extraction           : YES
FSM Encoding Algorithm             : Auto
Safe Implementation                : No
FSM Style                          : LUT
RAM Extraction                     : Yes
RAM Style                          : Auto
ROM Extraction                     : Yes
Shift Register Extraction          : YES
ROM Style                          : Auto
Resource Sharing                   : YES
Asynchronous To Synchronous        : NO
Shift Register Minimum Size        : 2
Use DSP Block                      : Auto
Automatic Register Balancing       : No

---- Target Options
LUT Combining                      : Auto
Reduce Control Sets                : Auto
Add IO Buffers                     : YES
Global Maximum Fanout              : 100000
Add Generic Clock Buffer(BUFG)     : 32
Register Duplication               : YES
Optimize Instantiated Primitives   : NO
Use Clock Enable                   : Auto
Use Synchronous Set                : Auto
Use Synchronous Reset              : Auto
Pack IO Registers into IOBs        : Auto
Equivalent register Removal        : YES

---- General Options
Optimization Goal                  : Speed
Optimization Effort                : 1
Power Reduction                    : NO
Keep Hierarchy                     : No
Netlist Hierarchy                  : As_Optimized
RTL Output                         : Yes
Global Optimization                : AllClockNets
Read Cores                         : YES
Write Timing Constraints           : NO
Cross Clock Analysis               : NO
Hierarchy Separator                : /
Bus Delimiter                      : <>
Case Specifier                     : Maintain
Slice Utilization Ratio            : 100
BRAM Utilization Ratio             : 100
DSP48 Utilization Ratio            : 100
Auto BRAM Packing                  : NO
Slice Utilization Ratio Delta      : 5

=========================================================================


=========================================================================
*                          HDL Parsing                                  *
=========================================================================
Parsing VHDL file "/home/fede/Documents/Jaquenod/GIT/Modulo4/Guia4/ISE/Actividad 4_2/Decodificador/Sources/MC4044.vhd" into library work
Parsing entity <En_MC4044>.
Parsing architecture <Arq_MC4044> of entity <en_mc4044>.
Parsing VHDL file "/home/fede/Documents/Jaquenod/GIT/Modulo4/Guia4/ISE/Actividad 4_2/Decodificador/Sources/Div_Bresenham.vhd" into library work
Parsing entity <En_Div_Bresenham>.
Parsing architecture <Arq_Div_Bresenham> of entity <en_div_bresenham>.
Parsing VHDL file "/home/fede/Documents/Jaquenod/GIT/Modulo4/Guia4/ISE/Actividad 4_2/Decodificador/Sources/Recupera_CLK.vhd" into library work
Parsing entity <En_Recupera_CLK>.
Parsing architecture <Arq_Recupera_CLK> of entity <en_recupera_clk>.
Parsing VHDL file "/home/fede/Documents/Jaquenod/GIT/Modulo4/Guia4/ISE/Actividad 4_2/Decodificador/Sources/Deco_Stuffing.vhd" into library work
Parsing entity <En_Deco_Stuffing>.
Parsing architecture <Arq_Deco_Stuffing> of entity <en_deco_stuffing>.
Parsing VHDL file "/home/fede/Documents/Jaquenod/GIT/Modulo4/Guia4/ISE/Actividad 4_2/Codificador/Sources/Cod_Stuffing.vhd" into library work
Parsing entity <En_Cod_Stuffing>.
Parsing architecture <Arq_Cod_Stuffing> of entity <en_cod_stuffing>.
Parsing VHDL file "/home/fede/Documents/Jaquenod/GIT/Modulo4/Guia4/ISE/Actividad 4_2/System/Sources/System.vhd" into library work
Parsing entity <En_System>.
Parsing architecture <Arq_System> of entity <en_system>.

=========================================================================
*                            HDL Elaboration                            *
=========================================================================

Elaborating entity <En_System> (architecture <Arq_System>) from library <work>.

Elaborating entity <En_Cod_Stuffing> (architecture <Arq_Cod_Stuffing>) from library <work>.
INFO:HDLCompiler:679 - "/home/fede/Documents/Jaquenod/GIT/Modulo4/Guia4/ISE/Actividad 4_2/Codificador/Sources/Cod_Stuffing.vhd" Line 87. Case statement is complete. others clause is never selected

Elaborating entity <En_Deco_Stuffing> (architecture <Arq_Deco_Stuffing>) from library <work>.

Elaborating entity <En_Recupera_CLK> (architecture <Arq_Recupera_CLK>) from library <work>.
WARNING:HDLCompiler:871 - "/home/fede/Documents/Jaquenod/GIT/Modulo4/Guia4/ISE/Actividad 4_2/Decodificador/Sources/Recupera_CLK.vhd" Line 20: Using initial value ('0','0','0','0','1','0','0','0') for div_next since it is never assigned
WARNING:HDLCompiler:871 - "/home/fede/Documents/Jaquenod/GIT/Modulo4/Guia4/ISE/Actividad 4_2/Decodificador/Sources/Recupera_CLK.vhd" Line 23: Using initial value ('0','0','0','0','0','1','0','1') for num_aux_last since it is never assigned

Elaborating entity <En_Div_Bresenham> (architecture <Arq_Div_Bresenham>) from library <work>.
WARNING:HDLCompiler:92 - "/home/fede/Documents/Jaquenod/GIT/Modulo4/Guia4/ISE/Actividad 4_2/Decodificador/Sources/Div_Bresenham.vhd" Line 29: num should be on the sensitivity list of the process
WARNING:HDLCompiler:1127 - "/home/fede/Documents/Jaquenod/GIT/Modulo4/Guia4/ISE/Actividad 4_2/Decodificador/Sources/Recupera_CLK.vhd" Line 82: Assignment to num_next ignored, since the identifier is never used

Elaborating entity <En_MC4044> (architecture <Arq_MC4044>) from library <work>.
ERROR:HDLCompiler:410 - "/home/fede/Documents/Jaquenod/GIT/Modulo4/Guia4/ISE/Actividad 4_2/Decodificador/Sources/Recupera_CLK.vhd" Line 101: Expression has 8 elements ; expected 6
Netlist En_Recupera_CLK(Arq_Recupera_CLK) remains a blackbox, due to errors in its contents
WARNING:HDLCompiler:92 - "/home/fede/Documents/Jaquenod/GIT/Modulo4/Guia4/ISE/Actividad 4_2/Decodificador/Sources/Deco_Stuffing.vhd" Line 45: datasync should be on the sensitivity list of the process
--> 


Total memory usage is 130948 kilobytes

Number of errors   :    1 (   0 filtered)
Number of warnings :    5 (   0 filtered)
Number of infos    :    0 (   0 filtered)

